#-----------------------------------------------------------
# Vivado v2025.1 (64-bit)
# SW Build 6140274 on Thu May 22 00:12:29 MDT 2025
# IP Build 6138677 on Thu May 22 03:10:11 MDT 2025
# SharedData Build 6139179 on Tue May 20 17:58:58 MDT 2025
# Start of session at: Wed Oct 22 00:00:44 2025
# Process ID         : 22708
# Current directory  : C:/Users/santiago/Desktop/Diseno de Sistemas Digitales/actividad6/project_1/project_1.runs/impl_1
# Command line       : vivado.exe -log gdc_top.vdi -applog -product Vivado -messageDb vivado.pb -mode batch -source gdc_top.tcl -notrace
# Log file           : C:/Users/santiago/Desktop/Diseno de Sistemas Digitales/actividad6/project_1/project_1.runs/impl_1/gdc_top.vdi
# Journal file       : C:/Users/santiago/Desktop/Diseno de Sistemas Digitales/actividad6/project_1/project_1.runs/impl_1\vivado.jou
# Running On         : DESKTOP-SL0FT3E
# Platform           : Windows Server 2016 or Windows 10
# Operating System   : 26200
# Processor Detail   : 11th Gen Intel(R) Core(TM) i7-1165G7 @ 2.80GHz
# CPU Frequency      : 2803 MHz
# CPU Physical cores : 4
# CPU Logical cores  : 8
# Host memory        : 16822 MB
# Swap memory        : 2153 MB
# Total Virtual      : 18976 MB
# Available Virtual  : 2442 MB
#-----------------------------------------------------------
source gdc_top.tcl -notrace
