#-----------------------------------------------------------
# Vivado v2025.1 (64-bit)
# SW Build 6140274 on Thu May 22 00:12:29 MDT 2025
# IP Build 6138677 on Thu May 22 03:10:11 MDT 2025
# SharedData Build 6139179 on Tue May 20 17:58:58 MDT 2025
# Start of session at: Tue Nov 25 17:15:30 2025
# Process ID         : 9144
# Current directory  : C:/Users/santiago/Desktop/Diseno de Sistemas Digitales/uart/uart
# Command line       : vivado.exe -gui_launcher_event rodinguilauncherevent10328 C:\Users\santiago\Desktop\Diseno de Sistemas Digitales\uart\uart\uart.xpr
# Log file           : C:/Users/santiago/Desktop/Diseno de Sistemas Digitales/uart/uart/vivado.log
# Journal file       : C:/Users/santiago/Desktop/Diseno de Sistemas Digitales/uart/uart\vivado.jou
# Running On         : DESKTOP-SL0FT3E
# Platform           : Windows Server 2016 or Windows 10
# Operating System   : 26200
# Processor Detail   : 11th Gen Intel(R) Core(TM) i7-1165G7 @ 2.80GHz
# CPU Frequency      : 2803 MHz
# CPU Physical cores : 4
# CPU Logical cores  : 8
# Host memory        : 16822 MB
# Swap memory        : 2013 MB
# Total Virtual      : 18835 MB
# Available Virtual  : 9869 MB
#-----------------------------------------------------------
start_gui
open_project {C:/Users/santiago/Desktop/Diseno de Sistemas Digitales/uart/uart/uart.xpr}
update_compile_order -fileset sources_1
update_compile_order -fileset sources_1
update_compile_order -fileset sources_1
close [ open {C:/Users/santiago/Desktop/Diseno de Sistemas Digitales/uart/uart/uart.srcs/sources_1/new/tx_test.v} w ]
add_files {{C:/Users/santiago/Desktop/Diseno de Sistemas Digitales/uart/uart/uart.srcs/sources_1/new/tx_test.v}}
update_compile_order -fileset sources_1
remove_files  {{C:/Users/santiago/Desktop/Diseno de Sistemas Digitales/uart/uart/uart.srcs/sources_1/new/tx_test.v}}
file delete -force {C:/Users/santiago/Desktop/Diseno de Sistemas Digitales/uart/uart/uart.srcs/sources_1/new/tx_test.v}
close [ open {C:/Users/santiago/Desktop/Diseno de Sistemas Digitales/uart/uart/uart.srcs/sources_1/new/tx_test.sv} w ]
add_files {{C:/Users/santiago/Desktop/Diseno de Sistemas Digitales/uart/uart/uart.srcs/sources_1/new/tx_test.sv}}
update_compile_order -fileset sources_1
close [ open {C:/Users/santiago/Desktop/Diseno de Sistemas Digitales/uart/uart/uart.srcs/sources_1/new/tx_test_top.sv} w ]
add_files {{C:/Users/santiago/Desktop/Diseno de Sistemas Digitales/uart/uart/uart.srcs/sources_1/new/tx_test_top.sv}}
update_compile_order -fileset sources_1
add_files -norecurse {{C:/Users/santiago/Desktop/Diseno de Sistemas Digitales/clase24sept/project_1/project_1.srcs/sources_1/new/disp_mux.sv} {C:/Users/santiago/Desktop/Diseno de Sistemas Digitales/debouncing.sv}}
update_compile_order -fileset sources_1
update_compile_order -fileset sources_1
update_compile_order -fileset sources_1
update_compile_order -fileset sources_1
synth_design -top tx_test_top -part xc7a35tcpg236-1 -lint 
synth_design -rtl -rtl_skip_mlo -name rtl_1
synth_design -top tx_test_top -part xc7a35tcpg236-1 -lint 
refresh_design
synth_design -top tx_test_top -part xc7a35tcpg236-1 -lint 
refresh_design
synth_design -top tx_test_top -part xc7a35tcpg236-1 -lint 
synth_design -top tx_test_top -part xc7a35tcpg236-1 -lint 
refresh_design
refresh_design
synth_design -top tx_test_top -part xc7a35tcpg236-1 -lint 
refresh_design
synth_design -top tx_test_top -part xc7a35tcpg236-1 -lint 
refresh_design
update_compile_order -fileset sources_1
refresh_design
refresh_design
refresh_design
synth_design -top tx_test_top -part xc7a35tcpg236-1 -lint 
refresh_design
launch_runs synth_1 -jobs 8
wait_on_run synth_1
